[Gloo] Rank 0 is connected to 0 peer ranks. Expected number of connected peer ranks is : 0
Fetching 8 files:   0%|          | 0/8 [00:00<?, ?it/s]Fetching 8 files: 100%|██████████| 8/8 [00:00<00:00, 9532.51it/s]
/usr/local/lib/python3.11/dist-packages/requests/__init__.py:113: RequestsDependencyWarning: urllib3 (2.2.3) or chardet (6.0.0.post1)/charset_normalizer (3.3.2) doesn't match a supported version!
  warnings.warn(
loaded /workspace/runs/small_a1d1_2x/ckpt_000079.pt: step=79 algo=None
[rank0]: Traceback (most recent call last):
[rank0]:   File "/usr/local/lib/python3.11/dist-packages/huggingface_hub/utils/_http.py", line 795, in hf_raise_for_status
[rank0]:     response.raise_for_status()
[rank0]:   File "/usr/local/lib/python3.11/dist-packages/httpx/_models.py", line 763, in raise_for_status
[rank0]:     raise HTTPStatusError(message, request=request, response=self)
[rank0]: httpx.HTTPStatusError: Client error '429 Too Many Requests' for url 'https://huggingface.co/api/datasets/allenai/ai2_arc/tree/210d026faf9955653af8916fad021475a3f00453/ARC-Easy?recursive=true&expand=false'
[rank0]: For more information check: https://developer.mozilla.org/en-US/docs/Web/HTTP/Status/429

[rank0]: The above exception was the direct cause of the following exception:

[rank0]: Traceback (most recent call last):
[rank0]:   File "/root/ceg/eval/lm_eval_adapter_modded.py", line 216, in <module>
[rank0]:     main()
[rank0]:   File "/root/ceg/eval/lm_eval_adapter_modded.py", line 208, in main
[rank0]:     results = lm_eval.simple_evaluate(model=Wrapper(), tasks=args.tasks.split(","),
[rank0]:               ^^^^^^^^^^^^^^^^^^^^^^^^^^^^^^^^^^^^^^^^^^^^^^^^^^^^^^^^^^^^^^^^^^^^^
[rank0]:   File "/usr/local/lib/python3.11/dist-packages/lm_eval/utils.py", line 575, in _wrapper
[rank0]:     return fn(*args, **kwargs)
[rank0]:            ^^^^^^^^^^^^^^^^^^^
[rank0]:   File "/usr/local/lib/python3.11/dist-packages/lm_eval/evaluator.py", line 302, in simple_evaluate
[rank0]:     loaded = task_manager.load(tasks)
[rank0]:              ^^^^^^^^^^^^^^^^^^^^^^^^
[rank0]:   File "/usr/local/lib/python3.11/dist-packages/lm_eval/tasks/manager.py", line 208, in load
[rank0]:     obj = self._load_spec(spec) if not isinstance(spec, (Task, Group)) else spec  # type:ignore[invalid-argument-type]
[rank0]:           ^^^^^^^^^^^^^^^^^^^^^
[rank0]:   File "/usr/local/lib/python3.11/dist-packages/lm_eval/tasks/manager.py", line 154, in _load_spec
[rank0]:     return self._factory.build(
[rank0]:            ^^^^^^^^^^^^^^^^^^^^
[rank0]:   File "/usr/local/lib/python3.11/dist-packages/lm_eval/tasks/_factory.py", line 61, in build
[rank0]:     return self._build_task(entry, overrides)
[rank0]:            ^^^^^^^^^^^^^^^^^^^^^^^^^^^^^^^^^^
[rank0]:   File "/usr/local/lib/python3.11/dist-packages/lm_eval/tasks/_factory.py", line 81, in _build_task
[rank0]:     obj = ConfigurableTask(config=cfg)
[rank0]:           ^^^^^^^^^^^^^^^^^^^^^^^^^^^^
[rank0]:   File "/usr/local/lib/python3.11/dist-packages/lm_eval/api/task.py", line 753, in __init__
[rank0]:     self.download(self.config.dataset_kwargs)
[rank0]:   File "/usr/local/lib/python3.11/dist-packages/lm_eval/api/task.py", line 869, in download
[rank0]:     self.dataset = datasets.load_dataset(
[rank0]:                    ^^^^^^^^^^^^^^^^^^^^^^
[rank0]:   File "/usr/local/lib/python3.11/dist-packages/datasets/load.py", line 1698, in load_dataset
[rank0]:     builder_instance = load_dataset_builder(
[rank0]:                        ^^^^^^^^^^^^^^^^^^^^^
[rank0]:   File "/usr/local/lib/python3.11/dist-packages/datasets/load.py", line 1363, in load_dataset_builder
[rank0]:     builder_instance: DatasetBuilder = builder_cls(
[rank0]:                                        ^^^^^^^^^^^^
[rank0]:   File "/usr/local/lib/python3.11/dist-packages/datasets/builder.py", line 351, in __init__
[rank0]:     self.config, self.config_id = self._create_builder_config(
[rank0]:                                   ^^^^^^^^^^^^^^^^^^^^^^^^^^^^
[rank0]:   File "/usr/local/lib/python3.11/dist-packages/datasets/builder.py", line 566, in _create_builder_config
[rank0]:     builder_config._resolve_data_files(
[rank0]:   File "/usr/local/lib/python3.11/dist-packages/datasets/builder.py", line 211, in _resolve_data_files
[rank0]:     self.data_files = self.data_files.resolve(base_path, download_config)
[rank0]:                       ^^^^^^^^^^^^^^^^^^^^^^^^^^^^^^^^^^^^^^^^^^^^^^^^^^^
[rank0]:   File "/usr/local/lib/python3.11/dist-packages/datasets/data_files.py", line 822, in resolve
[rank0]:     out[key] = data_files_patterns_list.resolve(base_path, download_config)
[rank0]:                ^^^^^^^^^^^^^^^^^^^^^^^^^^^^^^^^^^^^^^^^^^^^^^^^^^^^^^^^^^^^
[rank0]:   File "/usr/local/lib/python3.11/dist-packages/datasets/data_files.py", line 775, in resolve
[rank0]:     resolve_pattern(
[rank0]:   File "/usr/local/lib/python3.11/dist-packages/datasets/data_files.py", line 372, in resolve_pattern
[rank0]:     for filepath, info in fs.glob(fs_pattern, detail=True, **glob_kwargs).items():
[rank0]:                           ^^^^^^^^^^^^^^^^^^^^^^^^^^^^^^^^^^^^^^^^^^^^^^^
[rank0]:   File "/usr/local/lib/python3.11/dist-packages/huggingface_hub/hf_file_system.py", line 728, in glob
[rank0]:     return super().glob(path, maxdepth=maxdepth, **kwargs)
[rank0]:            ^^^^^^^^^^^^^^^^^^^^^^^^^^^^^^^^^^^^^^^^^^^^^^^
[rank0]:   File "/usr/local/lib/python3.11/dist-packages/fsspec/spec.py", line 604, in glob
[rank0]:     allpaths = self.find(root, maxdepth=depth, withdirs=True, detail=True, **kwargs)
[rank0]:                ^^^^^^^^^^^^^^^^^^^^^^^^^^^^^^^^^^^^^^^^^^^^^^^^^^^^^^^^^^^^^^^^^^^^^
[rank0]:   File "/usr/local/lib/python3.11/dist-packages/huggingface_hub/hf_file_system.py", line 767, in find
[rank0]:     out = self._ls_tree(path, recursive=True, refresh=refresh, maxdepth=maxdepth, **kwargs)
[rank0]:           ^^^^^^^^^^^^^^^^^^^^^^^^^^^^^^^^^^^^^^^^^^^^^^^^^^^^^^^^^^^^^^^^^^^^^^^^^^^^^^^^^
[rank0]:   File "/usr/local/lib/python3.11/dist-packages/huggingface_hub/hf_file_system.py", line 612, in _ls_tree
[rank0]:     for path_info in tree:
[rank0]:   File "/usr/local/lib/python3.11/dist-packages/huggingface_hub/hf_api.py", line 3954, in list_repo_tree
[rank0]:     for path_info in paginate(path=tree_url, headers=headers, params={"recursive": recursive, "expand": expand}):
[rank0]:   File "/usr/local/lib/python3.11/dist-packages/huggingface_hub/utils/_pagination.py", line 37, in paginate
[rank0]:     hf_raise_for_status(r)
[rank0]:   File "/usr/local/lib/python3.11/dist-packages/huggingface_hub/utils/_http.py", line 915, in hf_raise_for_status
[rank0]:     raise _format(HfHubHTTPError, message, response) from e
[rank0]: huggingface_hub.errors.HfHubHTTPError: (Request ID: Root=1-6a55b3b5-3d8feef00af1ed5915eb00c7;987de01d-af99-49b1-8629-e3872c57983b)

[rank0]: 429 Too Many Requests: you have reached your 'api' rate limit.
[rank0]: Retry after 37 seconds (0/1000 requests remaining in current 300s window).
[rank0]: Url: https://huggingface.co/api/datasets/allenai/ai2_arc/tree/210d026faf9955653af8916fad021475a3f00453/ARC-Easy?recursive=true&expand=false.
[rank0]: We had to rate limit you, you hit the quota of 1000 api requests per 5 minutes period. Upgrade to a PRO user or Team/Enterprise organization account (https://hf.co/pricing) to get higher limits. See https://huggingface.co/docs/hub/rate-limits
[rank0]:[W714 03:57:42.512503118 ProcessGroupNCCL.cpp:1553] Warning: WARNING: destroy_process_group() was not called before program exit, which can leak resources. For more info, please see https://pytorch.org/docs/stable/distributed.html#shutdown (function operator())
